Release 14.7 - xst P.20131013 (lin64)
Copyright (c) 1995-2013 Xilinx, Inc.  All rights reserved.
--> 
Parameter TMPDIR set to xst/projnav.tmp


Total REAL time to Xst completion: 0.00 secs
Total CPU time to Xst completion: 0.03 secs
 
--> 
Parameter xsthdpdir set to xst


Total REAL time to Xst completion: 0.00 secs
Total CPU time to Xst completion: 0.03 secs
 
--> 
Reading design: CTRL_CIRCUIT.prj

TABLE OF CONTENTS
  1) Synthesis Options Summary
  2) HDL Compilation
  3) Design Hierarchy Analysis
  4) HDL Analysis
  5) HDL Synthesis
     5.1) HDL Synthesis Report
  6) Advanced HDL Synthesis
     6.1) Advanced HDL Synthesis Report
  7) Low Level Synthesis
  8) Partition Report
  9) Final Report
	9.1) Device utilization summary
	9.2) Partition Resource Summary
	9.3) TIMING REPORT


=========================================================================
*                      Synthesis Options Summary                        *
=========================================================================
---- Source Parameters
Input File Name                    : "CTRL_CIRCUIT.prj"
Input Format                       : mixed
Ignore Synthesis Constraint File   : NO

---- Target Parameters
Output File Name                   : "CTRL_CIRCUIT"
Output Format                      : NGC
Target Device                      : xc3s500e-5-fg320

---- Source Options
Top Module Name                    : CTRL_CIRCUIT
Automatic FSM Extraction           : YES
FSM Encoding Algorithm             : Auto
Safe Implementation                : No
FSM Style                          : LUT
RAM Extraction                     : Yes
RAM Style                          : Auto
ROM Extraction                     : Yes
Mux Style                          : Auto
Decoder Extraction                 : YES
Priority Encoder Extraction        : Yes
Shift Register Extraction          : YES
Logical Shifter Extraction         : YES
XOR Collapsing                     : YES
ROM Style                          : Auto
Mux Extraction                     : Yes
Resource Sharing                   : YES
Asynchronous To Synchronous        : NO
Multiplier Style                   : Auto
Automatic Register Balancing       : No

---- Target Options
Add IO Buffers                     : YES
Global Maximum Fanout              : 100000
Add Generic Clock Buffer(BUFG)     : 24
Register Duplication               : YES
Slice Packing                      : YES
Optimize Instantiated Primitives   : NO
Use Clock Enable                   : Yes
Use Synchronous Set                : Yes
Use Synchronous Reset              : Yes
Pack IO Registers into IOBs        : Auto
Equivalent register Removal        : YES

---- General Options
Optimization Goal                  : Speed
Optimization Effort                : 1
Keep Hierarchy                     : No
Netlist Hierarchy                  : As_Optimized
RTL Output                         : Yes
Global Optimization                : AllClockNets
Read Cores                         : YES
Write Timing Constraints           : NO
Cross Clock Analysis               : NO
Hierarchy Separator                : /
Bus Delimiter                      : <>
Case Specifier                     : Maintain
Slice Utilization Ratio            : 100
BRAM Utilization Ratio             : 100
Verilog 2001                       : YES
Auto BRAM Packing                  : NO
Slice Utilization Ratio Delta      : 5

---- Other Options
Cores Search Directories           : {"ipcore_dir"  }

=========================================================================


=========================================================================
*                          HDL Compilation                              *
=========================================================================
Compiling verilog file "VERT_CNT.v" in library work
Compiling verilog file "LATCH.v" in library work
Module <VERT_CNT> compiled
Compiling verilog file "HORIZ_CNT.v" in library work
Module <LATCH> compiled
Compiling verilog file "CMP.v" in library work
Module <HORIZ_CNT> compiled
Compiling verilog file "CTRL_CIRCUIT.v" in library work
Module <CMP> compiled
Module <CTRL_CIRCUIT> compiled
No errors in compilation
Analysis of file <"CTRL_CIRCUIT.prj"> succeeded.
 

=========================================================================
*                     Design Hierarchy Analysis                         *
=========================================================================
Analyzing hierarchy for module <CTRL_CIRCUIT> in library <work> with parameters.
	h_width = "00000000000000000000000001110111"
	v_width = "00000000000000000000000000000101"

Analyzing hierarchy for module <HORIZ_CNT> in library <work>.

Analyzing hierarchy for module <CMP> in library <work>.

Analyzing hierarchy for module <LATCH> in library <work>.

Analyzing hierarchy for module <VERT_CNT> in library <work>.


=========================================================================
*                            HDL Analysis                               *
=========================================================================
Analyzing top module <CTRL_CIRCUIT>.
	h_width = 32'sb00000000000000000000000001110111
	v_width = 32'sb00000000000000000000000000000101
Module <CTRL_CIRCUIT> is correct for synthesis.
 
Analyzing module <HORIZ_CNT> in library <work>.
Module <HORIZ_CNT> is correct for synthesis.
 
Analyzing module <CMP> in library <work>.
Module <CMP> is correct for synthesis.
 
Analyzing module <LATCH> in library <work>.
Module <LATCH> is correct for synthesis.
 
Analyzing module <VERT_CNT> in library <work>.
Module <VERT_CNT> is correct for synthesis.
 

=========================================================================
*                           HDL Synthesis                               *
=========================================================================

Performing bidirectional port resolution...

Synthesizing Unit <HORIZ_CNT>.
    Related source file is "HORIZ_CNT.v".
    Found 11-bit up counter for signal <CNT>.
    Found 11-bit comparator greater for signal <CNT$cmp_gt0000> created at line 29.
    Summary:
	inferred   1 Counter(s).
	inferred   1 Comparator(s).
Unit <HORIZ_CNT> synthesized.


Synthesizing Unit <CMP>.
    Related source file is "CMP.v".
    Found 11-bit comparator equal for signal <out>.
    Summary:
	inferred   1 Comparator(s).
Unit <CMP> synthesized.


Synthesizing Unit <LATCH>.
    Related source file is "LATCH.v".
WARNING:Xst:737 - Found 1-bit latch for signal <q>. Latches may be generated from incomplete case or if statements. We do not recommend the use of latches in FPGA/CPLD designs, as they may lead to timing problems.
Unit <LATCH> synthesized.


Synthesizing Unit <VERT_CNT>.
    Related source file is "VERT_CNT.v".
    Found 10-bit up counter for signal <CNT>.
    Found 10-bit comparator greater for signal <CNT$cmp_gt0000> created at line 31.
    Summary:
	inferred   1 Counter(s).
	inferred   1 Comparator(s).
Unit <VERT_CNT> synthesized.


Synthesizing Unit <CTRL_CIRCUIT>.
    Related source file is "CTRL_CIRCUIT.v".
WARNING:Xst:1780 - Signal <vc_o_w<10>> is never used or assigned. This unconnected signal will be trimmed during the optimization process.
WARNING:Xst:653 - Signal <vc_o_w<9:0>> is used but never assigned. This sourceless signal will be automatically connected to value 0000000000.
WARNING:Xst:646 - Signal <vc_o> is assigned but never used. This unconnected signal will be trimmed during the optimization process.
WARNING:Xst:1780 - Signal <hc_o_w<10>> is never used or assigned. This unconnected signal will be trimmed during the optimization process.
WARNING:Xst:653 - Signal <hc_o_w<9:0>> is used but never assigned. This sourceless signal will be automatically connected to value 0000000000.
WARNING:Xst:646 - Signal <hc_o> is assigned but never used. This unconnected signal will be trimmed during the optimization process.
Unit <CTRL_CIRCUIT> synthesized.


=========================================================================
HDL Synthesis Report

Macro Statistics
# Counters                                             : 2
 10-bit up counter                                     : 1
 11-bit up counter                                     : 1
# Latches                                              : 2
 1-bit latch                                           : 2
# Comparators                                          : 6
 10-bit comparator greater                             : 1
 11-bit comparator equal                               : 4
 11-bit comparator greater                             : 1

=========================================================================

=========================================================================
*                       Advanced HDL Synthesis                          *
=========================================================================


=========================================================================
Advanced HDL Synthesis Report

Macro Statistics
# Counters                                             : 2
 10-bit up counter                                     : 1
 11-bit up counter                                     : 1
# Latches                                              : 2
 1-bit latch                                           : 2
# Comparators                                          : 6
 10-bit comparator greater                             : 1
 11-bit comparator equal                               : 4
 11-bit comparator greater                             : 1

=========================================================================

=========================================================================
*                         Low Level Synthesis                           *
=========================================================================

Optimizing unit <CTRL_CIRCUIT> ...

Mapping all equations...
Building and optimizing final netlist ...
Found area constraint ratio of 100 (+ 5) on block CTRL_CIRCUIT, actual ratio is 0.
Latch hs_latch/q has been replicated 1 time(s) to handle iob=true attribute.

Final Macro Processing ...

=========================================================================
Final Register Report

Macro Statistics
# Registers                                            : 21
 Flip-Flops                                            : 21

=========================================================================

=========================================================================
*                           Partition Report                            *
=========================================================================

Partition Implementation Status
-------------------------------

  No Partitions were found in this design.

-------------------------------

=========================================================================
*                            Final Report                               *
=========================================================================
Final Results
RTL Top Level Output File Name     : CTRL_CIRCUIT.ngr
Top Level Output File Name         : CTRL_CIRCUIT
Output Format                      : NGC
Optimization Goal                  : Speed
Keep Hierarchy                     : No

Design Statistics
# IOs                              : 19

Cell Usage :
# BELS                             : 80
#      GND                         : 1
#      INV                         : 2
#      LUT1                        : 19
#      LUT3                        : 1
#      LUT3_L                      : 1
#      LUT4                        : 11
#      LUT4_L                      : 1
#      MUXCY                       : 19
#      MUXF5                       : 3
#      VCC                         : 1
#      XORCY                       : 21
# FlipFlops/Latches                : 24
#      FDR                         : 21
#      LDC                         : 3
# Clock Buffers                    : 1
#      BUFGP                       : 1
# IO Buffers                       : 18
#      IBUF                        : 8
#      OBUF                        : 10
=========================================================================

Device utilization summary:
---------------------------

Selected Device : 3s500efg320-5 

 Number of Slices:                       21  out of   4656     0%  
 Number of Slice Flip Flops:             22  out of   9312     0%  
 Number of 4 input LUTs:                 35  out of   9312     0%  
 Number of IOs:                          19
 Number of bonded IOBs:                  19  out of    232     8%  
    IOB Flip Flops:                       2
 Number of GCLKs:                         1  out of     24     4%  

---------------------------
Partition Resource Summary:
---------------------------

  No Partitions were found in this design.

---------------------------


=========================================================================
TIMING REPORT

NOTE: THESE TIMING NUMBERS ARE ONLY A SYNTHESIS ESTIMATE.
      FOR ACCURATE TIMING INFORMATION PLEASE REFER TO THE TRACE REPORT
      GENERATED AFTER PLACE-and-ROUTE.

Clock Information:
------------------
-----------------------------------+-------------------------+-------+
Clock Signal                       | Clock buffer(FF name)   | Load  |
-----------------------------------+-------------------------+-------+
latch_reset_v(latch_reset_v2:O)    | NONE(*)(vc_latch/q)     | 1     |
latch_reset_h(latch_reset_h_f5:O)  | NONE(*)(hs_latch/q)     | 2     |
PIX_CLK                            | BUFGP                   | 11    |
hs_latch/q                         | NONE(vert_counter/CNT_0)| 10    |
-----------------------------------+-------------------------+-------+
(*) These 2 clock signal(s) are generated by combinatorial logic,
and XST is not able to identify which are the primary clock signals.
Please use the CLOCK_SIGNAL constraint to specify the clock signal(s) generated by combinatorial logic.
INFO:Xst:2169 - HDL ADVISOR - Some clock signals were not automatically buffered by XST with BUFG/BUFR resources. Please use the buffer_type constraint in order to insert these buffers to the clock signals to help prevent skew problems.

Asynchronous Control Signals Information:
----------------------------------------
-----------------------------------+------------------------+-------+
Control Signal                     | Buffer(FF name)        | Load  |
-----------------------------------+------------------------+-------+
latch_set_h(latch_set_h_f5:O)      | NONE(hs_latch/q)       | 2     |
latch_set_v(latch_set_v1:O)        | NONE(vc_latch/q)       | 1     |
-----------------------------------+------------------------+-------+

Timing Summary:
---------------
Speed Grade: -5

   Minimum period: 4.524ns (Maximum Frequency: 221.041MHz)
   Minimum input arrival time before clock: No path found
   Maximum output required time after clock: 4.114ns
   Maximum combinational path delay: 4.632ns

Timing Detail:
--------------
All values displayed in nanoseconds (ns)

=========================================================================
Timing constraint: Default period analysis for Clock 'PIX_CLK'
  Clock period: 4.032ns (frequency: 247.991MHz)
  Total number of paths / destination ports: 143 / 22
-------------------------------------------------------------------------
Delay:               4.032ns (Levels of Logic = 2)
  Source:            horiz_counter/CNT_8 (FF)
  Destination:       horiz_counter/CNT_0 (FF)
  Source Clock:      PIX_CLK rising
  Destination Clock: PIX_CLK rising

  Data Path: horiz_counter/CNT_8 to horiz_counter/CNT_0
                                Gate     Net
    Cell:in->out      fanout   Delay   Delay  Logical Name (Net Name)
    ----------------------------------------  ------------
     FDR:C->Q              3   0.514   0.603  horiz_counter/CNT_8 (horiz_counter/CNT_8)
     LUT4_L:I0->LO         1   0.612   0.103  horiz_counter/CNT_cmp_gt00001_SW0 (N111)
     LUT4:I3->O           11   0.612   0.793  horiz_counter/CNT_cmp_gt00001 (horiz_counter/CNT_cmp_gt0000)
     FDR:R                     0.795          horiz_counter/CNT_0
    ----------------------------------------
    Total                      4.032ns (2.533ns logic, 1.499ns route)
                                       (62.8% logic, 37.2% route)

=========================================================================
Timing constraint: Default period analysis for Clock 'hs_latch/q'
  Clock period: 4.524ns (frequency: 221.041MHz)
  Total number of paths / destination ports: 175 / 20
-------------------------------------------------------------------------
Delay:               4.524ns (Levels of Logic = 3)
  Source:            vert_counter/CNT_5 (FF)
  Destination:       vert_counter/CNT_0 (FF)
  Source Clock:      hs_latch/q rising
  Destination Clock: hs_latch/q rising

  Data Path: vert_counter/CNT_5 to vert_counter/CNT_0
                                Gate     Net
    Cell:in->out      fanout   Delay   Delay  Logical Name (Net Name)
    ----------------------------------------  ------------
     FDR:C->Q              3   0.514   0.603  vert_counter/CNT_5 (vert_counter/CNT_5)
     LUT4:I0->O            1   0.612   0.000  vert_counter/CNT_cmp_gt000028_SW1_G (N19)
     MUXF5:I1->O           1   0.278   0.360  vert_counter/CNT_cmp_gt000028_SW1 (N15)
     LUT4:I3->O           10   0.612   0.750  vert_counter/CNT_cmp_gt0000226 (vert_counter/CNT_cmp_gt0000)
     FDR:R                     0.795          vert_counter/CNT_0
    ----------------------------------------
    Total                      4.524ns (2.811ns logic, 1.713ns route)
                                       (62.1% logic, 37.9% route)

=========================================================================
Timing constraint: Default OFFSET OUT AFTER for Clock 'latch_reset_h'
  Total number of paths / destination ports: 1 / 1
-------------------------------------------------------------------------
Offset:              4.114ns (Levels of Logic = 1)
  Source:            hs_latch/q_1 (LATCH)
  Destination:       HS (PAD)
  Source Clock:      latch_reset_h falling

  Data Path: hs_latch/q_1 to HS
                                Gate     Net
    Cell:in->out      fanout   Delay   Delay  Logical Name (Net Name)
    ----------------------------------------  ------------
     LDC:G->Q              1   0.588   0.357  hs_latch/q_1 (hs_latch/q_1)
     OBUF:I->O                 3.169          HS_OBUF (HS)
    ----------------------------------------
    Total                      4.114ns (3.757ns logic, 0.357ns route)
                                       (91.3% logic, 8.7% route)

=========================================================================
Timing constraint: Default OFFSET OUT AFTER for Clock 'latch_reset_v'
  Total number of paths / destination ports: 1 / 1
-------------------------------------------------------------------------
Offset:              4.114ns (Levels of Logic = 1)
  Source:            vc_latch/q (LATCH)
  Destination:       VS (PAD)
  Source Clock:      latch_reset_v falling

  Data Path: vc_latch/q to VS
                                Gate     Net
    Cell:in->out      fanout   Delay   Delay  Logical Name (Net Name)
    ----------------------------------------  ------------
     LDC:G->Q              1   0.588   0.357  vc_latch/q (vc_latch/q)
     OBUF:I->O                 3.169          VS_OBUF (VS)
    ----------------------------------------
    Total                      4.114ns (3.757ns logic, 0.357ns route)
                                       (91.3% logic, 8.7% route)

=========================================================================
Timing constraint: Default path analysis
  Total number of paths / destination ports: 8 / 8
-------------------------------------------------------------------------
Delay:               4.632ns (Levels of Logic = 2)
  Source:            PIX_DATA<7> (PAD)
  Destination:       Blue<1> (PAD)

  Data Path: PIX_DATA<7> to Blue<1>
                                Gate     Net
    Cell:in->out      fanout   Delay   Delay  Logical Name (Net Name)
    ----------------------------------------  ------------
     IBUF:I->O             1   1.106   0.357  PIX_DATA_7_IBUF (Blue_1_OBUF)
     OBUF:I->O                 3.169          Blue_1_OBUF (Blue<1>)
    ----------------------------------------
    Total                      4.632ns (4.275ns logic, 0.357ns route)
                                       (92.3% logic, 7.7% route)

=========================================================================


Total REAL time to Xst completion: 3.00 secs
Total CPU time to Xst completion: 2.99 secs
 
--> 


Total memory usage is 512808 kilobytes

Number of errors   :    0 (   0 filtered)
Number of warnings :    7 (   0 filtered)
Number of infos    :    1 (   0 filtered)

